[2026-08-24 13:01:37] INFO root: ============================================================
[2026-08-24 13:01:37] INFO root: RTK Base Station via MAVLink 起動
[2026-08-24 13:01:37] INFO root: ============================================================
[2026-08-24 13:01:37] INFO root: F9Pポート自動検出: /dev/ttyACM0
[2026-08-24 13:01:37] INFO root: 基地局座標 (動的): 60秒間単独測位
[2026-08-24 13:01:38] INFO root: TMODE3を無効化しました（単独測位モード）
[2026-08-24 13:01:43] INFO root: 単独測位開始: 60秒間 (/dev/ttyACM0)
[2026-08-24 13:01:49] INFO root:   測位中... 経過: 5s / 残り: 55s | サンプル: 26 | 現在: lat=36.0755078 lon=136.2134863 alt=15.5m
[2026-08-24 13:01:54] INFO root:   測位中... 経過: 10s / 残り: 50s | サンプル: 51 | 現在: lat=36.0755425 lon=136.2134548 alt=11.6m
[2026-08-24 13:01:59] INFO root:   測位中... 経過: 15s / 残り: 45s | サンプル: 77 | 現在: lat=36.0755697 lon=136.2134303 alt=9.7m
[2026-08-24 13:02:04] INFO root:   測位中... 経過: 20s / 残り: 40s | サンプル: 102 | 現在: lat=36.0755928 lon=136.2134073 alt=7.9m
[2026-08-24 13:02:09] INFO root:   測位中... 経過: 26s / 残り: 34s | サンプル: 128 | 現在: lat=36.0756098 lon=136.2133883 alt=6.6m
[2026-08-24 13:02:14] INFO root:   測位中... 経過: 31s / 残り: 29s | サンプル: 153 | 現在: lat=36.0756210 lon=136.2133763 alt=6.0m
[2026-08-24 13:02:19] INFO root:   測位中... 経過: 36s / 残り: 24s | サンプル: 178 | 現在: lat=36.0756293 lon=136.2133690 alt=5.5m
[2026-08-24 13:02:24] INFO root:   測位中... 経過: 41s / 残り: 19s | サンプル: 203 | 現在: lat=36.0756348 lon=136.2133645 alt=5.2m
[2026-08-24 13:02:29] INFO root:   測位中... 経過: 46s / 残り: 14s | サンプル: 229 | 現在: lat=36.0756398 lon=136.2133638 alt=4.8m
[2026-08-24 13:02:34] INFO root:   測位中... 経過: 51s / 残り: 9s | サンプル: 254 | 現在: lat=36.0756418 lon=136.2133680 alt=4.8m
[2026-08-24 13:02:39] INFO root:   測位中... 経過: 56s / 残り: 4s | サンプル: 279 | 現在: lat=36.0756433 lon=136.2133723 alt=5.1m
[2026-08-24 13:02:44] INFO root: 単独測位完了: lat=36.0755986 lon=136.2134022 alt=7.88m (samples=300, std_lat=5.531m, std_lon=3.980m, std_alt=3.761m)
[2026-08-24 13:02:44] INFO root: 基地局座標 (動的): lat=36.0755986 lon=136.2134022 alt=7.88m (samples=300)
[2026-08-24 13:02:44] INFO root: F9P基地局モード設定を開始します...
[2026-08-24 13:02:44] INFO root: =======================================================
[2026-08-24 13:02:44] INFO root: F9P 基地局モード設定 (MSM7 RTCM3)
[2026-08-24 13:02:44] INFO root: =======================================================
[2026-08-24 13:02:44] INFO root: TMODE3 FIXED: lat=36.0755986 lon=136.2134022 alt=7.9m
[2026-08-24 13:02:47] INFO root: RTCM3設定: 33成功, 0失敗
[2026-08-24 13:02:48] INFO root: F9Pの再起動を待機中 (5秒)...
[2026-08-24 13:02:53] WARNING root: 設定検証をスキップします（ポート未接続: (5, 'Input/output error')）
[2026-08-24 13:02:53] INFO root: --- RTCM MSGOUT 検証結果 ---
[2026-08-24 13:02:53] INFO root: (検証スキップ)
[2026-08-24 13:02:53] INFO root: 総合結果: ✅ 全設定OK ===============
[2026-08-24 13:02:53] INFO root: F9P基地局モード設定完了 ✅
[2026-08-24 13:02:58] INFO root: MAVLink接続: /dev/ttyAMA0 @ 1000000bps (RTS/CTS: True)
[2026-08-24 13:03:00] ERROR root: MAVLink接続エラー: device reports readiness to read but returned no data (device disconnected or multiple access on port?)
[2026-08-24 13:03:00] ERROR root: MAVLink接続に失敗しました。終了します。
