[2026-08-24 13:06:18] INFO root: ============================================================
[2026-08-24 13:06:18] INFO root: RTK Base Station via MAVLink 起動
[2026-08-24 13:06:18] INFO root: ============================================================
[2026-08-24 13:06:18] INFO root: F9Pポート自動検出: /dev/ttyACM0
[2026-08-24 13:06:18] INFO root: 基地局座標 (動的): 60秒間単独測位
[2026-08-24 13:06:18] INFO root: TMODE3を無効化しました（単独測位モード）
[2026-08-24 13:06:24] INFO root: 単独測位開始: 60秒間 (/dev/ttyACM0)
[2026-08-24 13:06:30] INFO root:   測位中... 経過: 5s / 残り: 55s | サンプル: 26 | 現在: lat=36.0756603 lon=136.2134563 alt=14.1m
[2026-08-24 13:06:35] INFO root:   測位中... 経過: 10s / 残り: 50s | サンプル: 52 | 現在: lat=36.0756677 lon=136.2134513 alt=12.9m
[2026-08-24 13:06:40] INFO root:   測位中... 経過: 16s / 残り: 44s | サンプル: 78 | 現在: lat=36.0756752 lon=136.2134463 alt=11.5m
[2026-08-24 13:06:45] INFO root:   測位中... 経過: 21s / 残り: 39s | サンプル: 103 | 現在: lat=36.0756800 lon=136.2134438 alt=10.6m
[2026-08-24 13:06:50] INFO root:   測位中... 経過: 26s / 残り: 34s | サンプル: 129 | 現在: lat=36.0756802 lon=136.2134440 alt=9.9m
[2026-08-24 13:06:55] INFO root:   測位中... 経過: 31s / 残り: 29s | サンプル: 154 | 現在: lat=36.0756720 lon=136.2134528 alt=9.4m
[2026-08-24 13:07:00] INFO root:   測位中... 経過: 36s / 残り: 24s | サンプル: 180 | 現在: lat=36.0756658 lon=136.2134588 alt=8.9m
[2026-08-24 13:07:05] INFO root:   測位中... 経過: 41s / 残り: 19s | サンプル: 205 | 現在: lat=36.0756653 lon=136.2134588 alt=8.5m
[2026-08-24 13:07:10] INFO root:   測位中... 経過: 46s / 残り: 14s | サンプル: 230 | 現在: lat=36.0756625 lon=136.2134597 alt=8.3m
[2026-08-24 13:07:16] INFO root:   測位中... 経過: 51s / 残り: 9s | サンプル: 256 | 現在: lat=36.0756620 lon=136.2134582 alt=8.5m
[2026-08-24 13:07:21] INFO root:   測位中... 経過: 56s / 残り: 4s | サンプル: 282 | 現在: lat=36.0756630 lon=136.2134557 alt=8.7m
[2026-08-24 13:07:25] INFO root: 単独測位完了: lat=36.0756677 lon=136.2134538 alt=10.28m (samples=300, std_lat=0.838m, std_lon=0.575m, std_alt=2.015m)
[2026-08-24 13:07:25] INFO root: 基地局座標 (動的): lat=36.0756677 lon=136.2134538 alt=10.28m (samples=300)
[2026-08-24 13:07:25] INFO root: F9P基地局モード設定を開始します...
[2026-08-24 13:07:25] INFO root: =======================================================
[2026-08-24 13:07:25] INFO root: F9P 基地局モード設定 (MSM7 RTCM3)
[2026-08-24 13:07:25] INFO root: =======================================================
[2026-08-24 13:07:25] INFO root: TMODE3 FIXED: lat=36.0756677 lon=136.2134538 alt=10.3m
[2026-08-24 13:07:27] INFO root: RTCM3設定: 33成功, 0失敗
[2026-08-24 13:07:28] INFO root: F9Pの再起動を待機中 (5秒)...
[2026-08-24 13:07:33] WARNING root: 設定検証をスキップします（ポート未接続: [Errno 2] could not open port /dev/ttyACM0: [Errno 2] No such file or directory: '/dev/ttyACM0'）
[2026-08-24 13:07:33] INFO root: --- RTCM MSGOUT 検証結果 ---
[2026-08-24 13:07:33] INFO root: (検証スキップ)
[2026-08-24 13:07:33] INFO root: 総合結果: ✅ 全設定OK ===============
[2026-08-24 13:07:33] INFO root: F9P基地局モード設定完了 ✅
[2026-08-24 13:07:38] INFO root: MAVLink接続: /dev/ttyAMA0 @ 1000000bps (RTS/CTS: True)
[2026-08-24 13:07:48] INFO root: MAVLink接続完了: /dev/ttyAMA0 @ 1000000bps (system=0, component=0)
[2026-08-24 13:07:49] INFO root: GPSデータストリーム受信開始 (10Hz)
[2026-08-24 13:07:50] INFO root: RTCM受信用ポート再検出: /dev/ttyACM0
[2026-08-24 13:07:50] INFO root: RTCMログファイル: /home/taki/EVK-F9P/rtk_base_mavlink/logs/rtcm_raw_20260824_130750.rtcm3
[2026-08-24 13:07:50] INFO root: RTCM受信開始: /dev/ttyACM0 @ 115200bps
[2026-08-24 13:07:50] INFO root: シリアルポートオープン: /dev/ttyACM0
[2026-08-24 13:07:51] INFO root: 🚀 システム起動完了。RTCM注入を開始します。
[2026-08-24 13:07:51] INFO root: RTCM注入ループ開始
[2026-08-24 13:09:11] INFO root: システム停止中...
[2026-08-24 13:09:11] INFO root: 受信ループ終了
[2026-08-24 13:09:11] INFO root: RTCMログファイルを閉じました: /home/taki/EVK-F9P/rtk_base_mavlink/logs/rtcm_raw_20260824_130750.rtcm3
[2026-08-24 13:09:11] INFO root: RTCM受信停止: bytes=474727, frames=2434, errors=0
[2026-08-24 13:09:13] INFO root: MAVLink切断
[2026-08-24 13:09:13] INFO root: システム停止完了
