[2026-08-09 05:04:52] INFO root: ============================================================
[2026-08-09 05:04:52] INFO root: RTK Base Station via MAVLink 起動
[2026-08-09 05:04:52] INFO root: ============================================================
[2026-08-09 05:04:54] INFO root: F9Pポート自動検出: /dev/ttyACM2
[2026-08-09 05:04:54] INFO root: 基地局座標 (動的): 60秒間単独測位
[2026-08-09 05:04:55] INFO root: TMODE3を無効化しました（単独測位モード）
[2026-08-09 05:05:00] INFO root: 単独測位開始: 60秒間 (/dev/ttyACM2)
[2026-08-09 05:05:06] INFO root:   測位中... 経過: 5s / 残り: 55s | サンプル: 26 | 現在: lat=36.0757370 lon=136.2133598 alt=14.2m
[2026-08-09 05:05:11] INFO root:   測位中... 経過: 10s / 残り: 50s | サンプル: 51 | 現在: lat=36.0757335 lon=136.2133635 alt=14.4m
[2026-08-09 05:05:16] INFO root:   測位中... 経過: 15s / 残り: 45s | サンプル: 76 | 現在: lat=36.0757315 lon=136.2133667 alt=14.6m
[2026-08-09 05:05:21] INFO root:   測位中... 経過: 20s / 残り: 40s | サンプル: 101 | 現在: lat=36.0757303 lon=136.2133673 alt=14.7m
[2026-08-09 05:05:26] INFO root:   測位中... 経過: 25s / 残り: 35s | サンプル: 127 | 現在: lat=36.0757290 lon=136.2133685 alt=14.8m
[2026-08-09 05:05:31] INFO root:   測位中... 経過: 30s / 残り: 30s | サンプル: 152 | 現在: lat=36.0757285 lon=136.2133695 alt=14.8m
[2026-08-09 05:05:36] INFO root:   測位中... 経過: 35s / 残り: 25s | サンプル: 177 | 現在: lat=36.0757285 lon=136.2133698 alt=14.8m
[2026-08-09 05:05:41] INFO root:   測位中... 経過: 40s / 残り: 20s | サンプル: 203 | 現在: lat=36.0757287 lon=136.2133695 alt=14.8m
[2026-08-09 05:05:46] INFO root:   測位中... 経過: 45s / 残り: 15s | サンプル: 228 | 現在: lat=36.0757290 lon=136.2133687 alt=14.8m
[2026-08-09 05:05:51] INFO root:   測位中... 経過: 51s / 残り: 9s | サンプル: 254 | 現在: lat=36.0757295 lon=136.2133675 alt=14.9m
[2026-08-09 05:05:56] INFO root:   測位中... 経過: 56s / 残り: 4s | サンプル: 280 | 現在: lat=36.0757302 lon=136.2133657 alt=15.0m
[2026-08-09 05:06:01] INFO root: 単独測位完了: lat=36.0757310 lon=136.2133664 alt=14.71m (samples=300, std_lat=0.364m, std_lon=0.323m, std_alt=0.242m)
[2026-08-09 05:06:01] INFO root: 基地局座標 (動的): lat=36.0757310 lon=136.2133664 alt=14.71m (samples=300)
[2026-08-09 05:06:01] INFO root: F9P基地局モード設定を開始します...
[2026-08-09 05:06:01] INFO root: =======================================================
[2026-08-09 05:06:01] INFO root: F9P 基地局モード設定 (MSM7 RTCM3)
[2026-08-09 05:06:01] INFO root: =======================================================
[2026-08-09 05:06:01] INFO root: TMODE3 FIXED: lat=36.0757310 lon=136.2133664 alt=14.7m
[2026-08-09 05:06:03] INFO root: RTCM3設定: 33成功, 0失敗
[2026-08-09 05:06:04] INFO root: F9Pの再起動を待機中 (5秒)...
[2026-08-09 05:06:09] WARNING root: 設定検証をスキップします（ポート未接続: [Errno 2] could not open port /dev/ttyACM2: [Errno 2] No such file or directory: '/dev/ttyACM2'）
[2026-08-09 05:06:09] INFO root: --- RTCM MSGOUT 検証結果 ---
[2026-08-09 05:06:09] INFO root: (検証スキップ)
[2026-08-09 05:06:09] INFO root: 総合結果: ✅ 全設定OK ===============
[2026-08-09 05:06:09] INFO root: F9P基地局モード設定完了 ✅
[2026-08-09 05:06:14] INFO root: MAVLink接続: /dev/ttyAMA0 @ 1000000bps (RTS/CTS: True)
[2026-08-09 05:06:15] INFO root: MAVLink接続完了: /dev/ttyAMA0 @ 1000000bps (system=1, component=0)
[2026-08-09 05:06:16] INFO root: GPSデータストリーム受信開始 (10Hz)
[2026-08-09 05:06:19] INFO root: RTCM受信用ポート再検出: /dev/ttyACM2
[2026-08-09 05:06:19] INFO root: RTCMログファイル: /home/taki/EVK-F9P/rtk_base_mavlink/logs/rtcm_raw_20260809_050619.rtcm3
[2026-08-09 05:06:19] INFO root: RTCM受信開始: /dev/ttyACM2 @ 115200bps
[2026-08-09 05:06:19] INFO root: シリアルポートオープン: /dev/ttyACM2
[2026-08-09 05:06:20] INFO root: 🚀 システム起動完了。RTCM注入を開始します。
[2026-08-09 05:06:20] INFO root: RTCM注入ループ開始
[2026-08-09 05:06:36] INFO root: [ArduPilot] PreArm: RC not found
[2026-08-09 05:06:36] INFO root: [ArduPilot] PreArm: EKF attitude is bad
[2026-08-09 05:06:36] INFO root: [ArduPilot] PreArm: AHRS: EKF3 core 0 unhealthy
