[2026-08-09 04:49:05] INFO root: ============================================================
[2026-08-09 04:49:05] INFO root: RTK Base Station via MAVLink 起動
[2026-08-09 04:49:05] INFO root: ============================================================
[2026-08-09 04:49:07] INFO root: F9Pポート自動検出: /dev/ttyACM2
[2026-08-09 04:49:07] INFO root: 基地局座標 (動的): 60秒間単独測位
[2026-08-09 04:49:07] INFO root: TMODE3を無効化しました（単独測位モード）
[2026-08-09 04:49:13] INFO root: 単独測位開始: 60秒間 (/dev/ttyACM2)
[2026-08-09 04:49:19] INFO root:   測位中... 経過: 5s / 残り: 55s | サンプル: 26 | 現在: lat=36.0756952 lon=136.2133795 alt=24.0m
[2026-08-09 04:49:24] INFO root:   測位中... 経過: 10s / 残り: 50s | サンプル: 51 | 現在: lat=36.0756927 lon=136.2133787 alt=23.7m
[2026-08-09 04:49:29] INFO root:   測位中... 経過: 15s / 残り: 45s | サンプル: 77 | 現在: lat=36.0756935 lon=136.2133758 alt=23.1m
[2026-08-09 04:49:34] INFO root:   測位中... 経過: 21s / 残り: 39s | サンプル: 103 | 現在: lat=36.0756950 lon=136.2133722 alt=22.8m
[2026-08-09 04:49:39] INFO root:   測位中... 経過: 26s / 残り: 34s | サンプル: 128 | 現在: lat=36.0756948 lon=136.2133707 alt=22.4m
[2026-08-09 04:49:44] INFO root:   測位中... 経過: 31s / 残り: 29s | サンプル: 154 | 現在: lat=36.0756940 lon=136.2133708 alt=22.2m
[2026-08-09 04:49:49] INFO root:   測位中... 経過: 36s / 残り: 24s | サンプル: 179 | 現在: lat=36.0756932 lon=136.2133703 alt=21.9m
[2026-08-09 04:49:54] INFO root:   測位中... 経過: 41s / 残り: 19s | サンプル: 205 | 現在: lat=36.0756918 lon=136.2133703 alt=21.5m
[2026-08-09 04:50:00] INFO root:   測位中... 経過: 46s / 残り: 14s | サンプル: 231 | 現在: lat=36.0756922 lon=136.2133690 alt=20.9m
[2026-08-09 04:50:05] INFO root:   測位中... 経過: 51s / 残り: 9s | サンプル: 257 | 現在: lat=36.0756927 lon=136.2133672 alt=20.4m
[2026-08-09 04:50:10] INFO root:   測位中... 経過: 57s / 残り: 3s | サンプル: 283 | 現在: lat=36.0756918 lon=136.2133672 alt=20.1m
[2026-08-09 04:50:14] INFO root: 単独測位完了: lat=36.0756936 lon=136.2133721 alt=22.12m (samples=300, std_lat=0.206m, std_lon=0.370m, std_alt=1.257m)
[2026-08-09 04:50:14] INFO root: 基地局座標 (動的): lat=36.0756936 lon=136.2133721 alt=22.12m (samples=300)
[2026-08-09 04:50:14] INFO root: F9P基地局モード設定を開始します...
[2026-08-09 04:50:14] INFO root: =======================================================
[2026-08-09 04:50:14] INFO root: F9P 基地局モード設定 (MSM7 RTCM3)
[2026-08-09 04:50:14] INFO root: =======================================================
[2026-08-09 04:50:14] INFO root: TMODE3 FIXED: lat=36.0756936 lon=136.2133721 alt=22.1m
[2026-08-09 04:50:16] INFO root: RTCM3設定: 33成功, 0失敗
[2026-08-09 04:50:17] INFO root: F9Pの再起動を待機中 (5秒)...
[2026-08-09 04:50:26] WARNING root: CFG-VALGET応答なし
[2026-08-09 04:50:26] INFO root: --- RTCM MSGOUT 検証結果 ---
[2026-08-09 04:50:26] INFO root: 総合結果: ⚠️ 問題あり ===============
[2026-08-09 04:50:26] WARNING root: F9P基地局モード設定に一部問題があります ⚠️
[2026-08-09 04:50:26] WARNING root: F9P設定に問題がありますが、続行します...
[2026-08-09 04:50:31] INFO root: MAVLink接続: /dev/ttyAMA0 @ 1000000bps (RTS/CTS: True)
[2026-08-09 04:50:31] INFO root: MAVLink接続完了: /dev/ttyAMA0 @ 1000000bps (system=1, component=0)
[2026-08-09 04:50:32] INFO root: GPSデータストリーム受信開始 (10Hz)
[2026-08-09 04:50:33] INFO root: RTCMログファイル: /home/taki/EVK-F9P/rtk_base_mavlink/logs/rtcm_raw_20260809_045033.rtcm3
[2026-08-09 04:50:33] INFO root: RTCM受信開始: /dev/ttyACM2 @ 115200bps
[2026-08-09 04:50:33] ERROR root: シリアルポートオープン失敗: [Errno 2] could not open port /dev/ttyACM2: [Errno 2] No such file or directory: '/dev/ttyACM2'
[2026-08-09 04:50:33] INFO root: 受信ループ終了
[2026-08-09 04:50:34] INFO root: 🚀 システム起動完了。RTCM注入を開始します。
[2026-08-09 04:50:34] INFO root: RTCM注入ループ開始
[2026-08-09 04:50:35] INFO root: [ArduPilot] PreArm: RC not found
[2026-08-09 04:50:35] INFO root: [ArduPilot] PreArm: EKF attitude is bad
[2026-08-09 04:50:35] INFO root: [ArduPilot] PreArm: AHRS: EKF3 core 0 unhealthy
