[2026-08-08 21:38:27] INFO root: ============================================================
[2026-08-08 21:38:27] INFO root: RTK Base Station via MAVLink 起動
[2026-08-08 21:38:27] INFO root: ============================================================
[2026-08-08 21:38:27] INFO root: F9Pポート (設定値): /dev/ttyACM2
[2026-08-08 21:38:27] INFO root: 基地局座標 (静的): lat=36.0751418 lon=136.2133477 alt=44.80m
[2026-08-08 21:38:27] INFO root: F9P基地局モード設定を開始します...
[2026-08-08 21:38:27] INFO root: =======================================================
[2026-08-08 21:38:27] INFO root: F9P 基地局モード設定 (MSM7 RTCM3)
[2026-08-08 21:38:27] INFO root: =======================================================
[2026-08-08 21:38:28] INFO root: TMODE3 FIXED: lat=36.0751418 lon=136.2133477 alt=44.8m
[2026-08-08 21:38:30] INFO root: RTCM3設定: 33成功, 0失敗
[2026-08-08 21:38:34] WARNING root: CFG-VALGET応答なし
[2026-08-08 21:38:34] INFO root: --- RTCM MSGOUT 検証結果 ---
[2026-08-08 21:38:34] INFO root: 総合結果: ⚠️ 問題あり ===============
[2026-08-08 21:38:34] WARNING root: F9P基地局モード設定に一部問題があります ⚠️
[2026-08-08 21:38:34] WARNING root: F9P設定に問題がありますが、続行します...
[2026-08-08 21:38:39] INFO root: MAVLink接続: /dev/ttyAMA0 @ 1000000bps (RTS/CTS: True)
[2026-08-08 21:38:40] INFO root: MAVLink接続完了: /dev/ttyAMA0 @ 1000000bps (system=1, component=0)
[2026-08-08 21:38:41] INFO root: GPSデータストリーム受信開始 (10Hz)
[2026-08-08 21:38:42] INFO root: RTCMログファイル: /home/taki/EVK-F9P/rtk_base_mavlink/logs/rtcm_raw_20260808_213842.rtcm3
[2026-08-08 21:38:42] INFO root: RTCM受信開始: /dev/ttyACM2 @ 115200bps
[2026-08-08 21:38:42] INFO root: シリアルポートオープン: /dev/ttyACM2
[2026-08-08 21:38:43] INFO root: 🚀 システム起動完了。RTCM注入を開始します。
[2026-08-08 21:38:43] INFO root: RTCM注入ループ開始
