[2026-08-09 05:07:19] INFO root: ============================================================
[2026-08-09 05:07:19] INFO root: RTK Base Station via MAVLink 起動
[2026-08-09 05:07:19] INFO root: ============================================================
[2026-08-09 05:07:22] INFO root: F9Pポート自動検出: /dev/ttyACM2
[2026-08-09 05:07:22] INFO root: 基地局座標 (動的): 60秒間単独測位
[2026-08-09 05:07:22] INFO root: TMODE3を無効化しました（単独測位モード）
[2026-08-09 05:07:27] INFO root: 単独測位開始: 60秒間 (/dev/ttyACM2)
[2026-08-09 05:07:33] INFO root:   測位中... 経過: 5s / 残り: 55s | サンプル: 26 | 現在: lat=36.0757313 lon=136.2133772 alt=14.5m
[2026-08-09 05:07:38] INFO root:   測位中... 経過: 10s / 残り: 50s | サンプル: 51 | 現在: lat=36.0757350 lon=136.2133775 alt=14.1m
[2026-08-09 05:07:43] INFO root:   測位中... 経過: 15s / 残り: 45s | サンプル: 77 | 現在: lat=36.0757382 lon=136.2133772 alt=13.9m
[2026-08-09 05:07:48] INFO root:   測位中... 経過: 20s / 残り: 40s | サンプル: 102 | 現在: lat=36.0757397 lon=136.2133782 alt=13.8m
[2026-08-09 05:07:53] INFO root:   測位中... 経過: 25s / 残り: 35s | サンプル: 127 | 現在: lat=36.0757405 lon=136.2133792 alt=13.8m
[2026-08-09 05:07:58] INFO root:   測位中... 経過: 30s / 残り: 30s | サンプル: 153 | 現在: lat=36.0757412 lon=136.2133803 alt=13.9m
[2026-08-09 05:08:03] INFO root:   測位中... 経過: 35s / 残り: 25s | サンプル: 178 | 現在: lat=36.0757430 lon=136.2133803 alt=13.8m
[2026-08-09 05:08:08] INFO root:   測位中... 経過: 40s / 残り: 20s | サンプル: 203 | 現在: lat=36.0757455 lon=136.2133798 alt=13.7m
[2026-08-09 05:08:14] INFO root:   測位中... 経過: 46s / 残り: 14s | サンプル: 229 | 現在: lat=36.0757478 lon=136.2133795 alt=13.4m
[2026-08-09 05:08:19] INFO root:   測位中... 経過: 51s / 残り: 9s | サンプル: 255 | 現在: lat=36.0757498 lon=136.2133792 alt=13.2m
[2026-08-09 05:08:24] INFO root:   測位中... 経過: 56s / 残り: 4s | サンプル: 280 | 現在: lat=36.0757513 lon=136.2133793 alt=13.0m
[2026-08-09 05:08:28] INFO root: 単独測位完了: lat=36.0757416 lon=136.2133790 alt=13.78m (samples=300, std_lat=0.792m, std_lon=0.106m, std_alt=0.489m)
[2026-08-09 05:08:28] INFO root: 基地局座標 (動的): lat=36.0757416 lon=136.2133790 alt=13.78m (samples=300)
[2026-08-09 05:08:28] INFO root: F9P基地局モード設定を開始します...
[2026-08-09 05:08:28] INFO root: =======================================================
[2026-08-09 05:08:28] INFO root: F9P 基地局モード設定 (MSM7 RTCM3)
[2026-08-09 05:08:28] INFO root: =======================================================
[2026-08-09 05:08:28] INFO root: TMODE3 FIXED: lat=36.0757416 lon=136.2133790 alt=13.8m
[2026-08-09 05:08:31] INFO root: RTCM3設定: 33成功, 0失敗
[2026-08-09 05:08:32] INFO root: F9Pの再起動を待機中 (5秒)...
[2026-08-09 05:08:37] WARNING root: 設定検証をスキップします（ポート未接続: [Errno 2] could not open port /dev/ttyACM2: [Errno 2] No such file or directory: '/dev/ttyACM2'）
[2026-08-09 05:08:37] INFO root: --- RTCM MSGOUT 検証結果 ---
[2026-08-09 05:08:37] INFO root: (検証スキップ)
[2026-08-09 05:08:37] INFO root: 総合結果: ✅ 全設定OK ===============
[2026-08-09 05:08:37] INFO root: F9P基地局モード設定完了 ✅
[2026-08-09 05:08:42] INFO root: MAVLink接続: /dev/ttyAMA0 @ 1000000bps (RTS/CTS: True)
[2026-08-09 05:08:42] INFO root: MAVLink接続完了: /dev/ttyAMA0 @ 1000000bps (system=1, component=0)
[2026-08-09 05:08:43] INFO root: GPSデータストリーム受信開始 (10Hz)
[2026-08-09 05:08:46] INFO root: RTCM受信用ポート再検出: /dev/ttyACM2
[2026-08-09 05:08:46] INFO root: RTCMログファイル: /home/taki/EVK-F9P/rtk_base_mavlink/logs/rtcm_raw_20260809_050846.rtcm3
[2026-08-09 05:08:46] INFO root: RTCM受信開始: /dev/ttyACM2 @ 115200bps
[2026-08-09 05:08:46] INFO root: シリアルポートオープン: /dev/ttyACM2
[2026-08-09 05:08:47] INFO root: 🚀 システム起動完了。RTCM注入を開始します。
[2026-08-09 05:08:47] INFO root: RTCM注入ループ開始
[2026-08-09 05:09:11] INFO root: [ArduPilot] PreArm: RC not found
[2026-08-09 05:09:11] INFO root: [ArduPilot] PreArm: EKF attitude is bad
[2026-08-09 05:09:42] INFO root: [ArduPilot] PreArm: RC not found
[2026-08-09 05:09:42] INFO root: [ArduPilot] PreArm: EKF attitude is bad
[2026-08-09 05:10:13] INFO root: [ArduPilot] PreArm: RC not found
[2026-08-09 05:10:13] INFO root: [ArduPilot] PreArm: EKF attitude is bad
[2026-08-09 05:10:44] INFO root: [ArduPilot] PreArm: RC not found
[2026-08-09 05:10:44] INFO root: [ArduPilot] PreArm: EKF attitude is bad
[2026-08-09 05:10:44] INFO root: [ArduPilot] PreArm: AHRS: EKF3 core 0 unhealthy
[2026-08-09 05:11:15] INFO root: [ArduPilot] PreArm: RC not found
[2026-08-09 05:11:15] INFO root: [ArduPilot] PreArm: EKF attitude is bad
[2026-08-09 05:11:15] INFO root: [ArduPilot] PreArm: AHRS: EKF3 core 0 unhealthy
[2026-08-09 05:11:46] INFO root: [ArduPilot] PreArm: RC not found
[2026-08-09 05:11:46] INFO root: [ArduPilot] PreArm: EKF attitude is bad
[2026-08-09 05:11:46] INFO root: [ArduPilot] PreArm: AHRS: EKF3 core 0 unhealthy
[2026-08-09 05:12:17] INFO root: [ArduPilot] PreArm: RC not found
[2026-08-09 05:12:17] INFO root: [ArduPilot] PreArm: EKF attitude is bad
[2026-08-09 05:12:17] INFO root: [ArduPilot] PreArm: AHRS: EKF3 core 0 unhealthy
[2026-08-09 05:12:48] INFO root: [ArduPilot] PreArm: RC not found
[2026-08-09 05:12:48] INFO root: [ArduPilot] PreArm: EKF attitude is bad
[2026-08-09 05:12:48] INFO root: [ArduPilot] PreArm: AHRS: EKF3 core 0 unhealthy
[2026-08-09 05:12:49] WARNING root: RTCMフレームドロップ: 774バイト (最大720バイト超過)
[2026-08-09 05:13:19] INFO root: [ArduPilot] PreArm: RC not found
[2026-08-09 05:13:19] INFO root: [ArduPilot] PreArm: EKF attitude is bad
[2026-08-09 05:13:19] INFO root: [ArduPilot] PreArm: AHRS: EKF3 core 0 unhealthy
[2026-08-09 05:13:50] INFO root: [ArduPilot] PreArm: RC not found
[2026-08-09 05:13:50] INFO root: [ArduPilot] PreArm: EKF attitude is bad
[2026-08-09 05:13:50] INFO root: [ArduPilot] PreArm: AHRS: EKF3 core 0 unhealthy
[2026-08-09 05:14:21] INFO root: [ArduPilot] PreArm: RC not found
[2026-08-09 05:14:21] INFO root: [ArduPilot] PreArm: EKF attitude is bad
[2026-08-09 05:14:21] INFO root: [ArduPilot] PreArm: AHRS: EKF3 core 0 unhealthy
[2026-08-09 05:14:52] INFO root: [ArduPilot] PreArm: RC not found
[2026-08-09 05:14:52] INFO root: [ArduPilot] PreArm: EKF attitude is bad
[2026-08-09 05:14:52] INFO root: [ArduPilot] PreArm: AHRS: EKF3 core 0 unhealthy
[2026-08-09 05:15:23] INFO root: [ArduPilot] PreArm: RC not found
[2026-08-09 05:15:23] INFO root: [ArduPilot] PreArm: EKF attitude is bad
[2026-08-09 05:15:23] INFO root: [ArduPilot] PreArm: AHRS: EKF3 core 0 unhealthy
[2026-08-09 05:15:30] WARNING root: RTCMフレームドロップ: 728バイト (最大720バイト超過)
[2026-08-09 05:15:54] INFO root: [ArduPilot] PreArm: RC not found
[2026-08-09 05:15:54] INFO root: [ArduPilot] PreArm: EKF attitude is bad
[2026-08-09 05:15:54] INFO root: [ArduPilot] PreArm: AHRS: EKF3 core 0 unhealthy
[2026-08-09 05:16:25] INFO root: [ArduPilot] PreArm: RC not found
[2026-08-09 05:16:25] INFO root: [ArduPilot] PreArm: EKF attitude is bad
[2026-08-09 05:16:25] INFO root: [ArduPilot] PreArm: AHRS: EKF3 core 0 unhealthy
[2026-08-09 05:16:56] INFO root: [ArduPilot] PreArm: RC not found
[2026-08-09 05:16:56] INFO root: [ArduPilot] PreArm: EKF attitude is bad
[2026-08-09 05:16:56] INFO root: [ArduPilot] PreArm: AHRS: EKF3 core 0 unhealthy
[2026-08-09 05:17:27] INFO root: [ArduPilot] PreArm: RC not found
[2026-08-09 05:17:27] INFO root: [ArduPilot] PreArm: EKF attitude is bad
[2026-08-09 05:17:27] INFO root: [ArduPilot] PreArm: AHRS: EKF3 core 0 unhealthy
[2026-08-09 05:17:58] INFO root: [ArduPilot] PreArm: RC not found
[2026-08-09 05:17:58] INFO root: [ArduPilot] PreArm: EKF attitude is bad
[2026-08-09 05:17:58] INFO root: [ArduPilot] PreArm: AHRS: EKF3 core 0 unhealthy
[2026-08-09 05:18:29] INFO root: [ArduPilot] PreArm: RC not found
[2026-08-09 05:18:29] INFO root: [ArduPilot] PreArm: EKF attitude is bad
[2026-08-09 05:18:29] INFO root: [ArduPilot] PreArm: AHRS: EKF3 core 0 unhealthy
[2026-08-09 05:19:00] INFO root: [ArduPilot] PreArm: RC not found
[2026-08-09 05:19:00] INFO root: [ArduPilot] PreArm: EKF attitude is bad
[2026-08-09 05:19:00] INFO root: [ArduPilot] PreArm: AHRS: EKF3 core 0 unhealthy
[2026-08-09 05:19:31] INFO root: [ArduPilot] PreArm: RC not found
[2026-08-09 05:19:31] INFO root: [ArduPilot] PreArm: EKF attitude is bad
[2026-08-09 05:19:31] INFO root: [ArduPilot] PreArm: AHRS: EKF3 core 0 unhealthy
[2026-08-09 05:19:34] WARNING root: RTCMフレームドロップ: 802バイト (最大720バイト超過)
[2026-08-09 05:20:02] INFO root: [ArduPilot] PreArm: RC not found
[2026-08-09 05:20:02] INFO root: [ArduPilot] PreArm: EKF attitude is bad
[2026-08-09 05:20:02] INFO root: [ArduPilot] PreArm: AHRS: EKF3 core 0 unhealthy
[2026-08-09 05:20:33] INFO root: [ArduPilot] PreArm: RC not found
[2026-08-09 05:20:33] INFO root: [ArduPilot] PreArm: EKF attitude is bad
[2026-08-09 05:20:33] INFO root: [ArduPilot] PreArm: AHRS: EKF3 core 0 unhealthy
[2026-08-09 05:21:04] INFO root: [ArduPilot] PreArm: RC not found
[2026-08-09 05:21:04] INFO root: [ArduPilot] PreArm: EKF attitude is bad
[2026-08-09 05:21:04] INFO root: [ArduPilot] PreArm: AHRS: EKF3 core 0 unhealthy
[2026-08-09 05:21:35] INFO root: [ArduPilot] PreArm: RC not found
[2026-08-09 05:21:35] INFO root: [ArduPilot] PreArm: EKF attitude is bad
[2026-08-09 05:21:35] INFO root: [ArduPilot] PreArm: AHRS: EKF3 core 0 unhealthy
[2026-08-09 05:22:06] INFO root: [ArduPilot] PreArm: RC not found
[2026-08-09 05:22:06] INFO root: [ArduPilot] PreArm: EKF attitude is bad
[2026-08-09 05:22:06] INFO root: [ArduPilot] PreArm: AHRS: EKF3 core 0 unhealthy
[2026-08-09 05:22:37] INFO root: [ArduPilot] PreArm: RC not found
[2026-08-09 05:22:37] INFO root: [ArduPilot] PreArm: EKF attitude is bad
[2026-08-09 05:22:37] INFO root: [ArduPilot] PreArm: AHRS: EKF3 core 0 unhealthy
[2026-08-09 05:23:08] INFO root: [ArduPilot] PreArm: RC not found
[2026-08-09 05:23:08] INFO root: [ArduPilot] PreArm: EKF attitude is bad
[2026-08-09 05:23:08] INFO root: [ArduPilot] PreArm: AHRS: EKF3 core 0 unhealthy
[2026-08-09 05:23:39] INFO root: [ArduPilot] PreArm: RC not found
[2026-08-09 05:23:39] INFO root: [ArduPilot] PreArm: EKF attitude is bad
[2026-08-09 05:23:39] INFO root: [ArduPilot] PreArm: AHRS: EKF3 core 0 unhealthy
[2026-08-09 05:24:10] INFO root: [ArduPilot] PreArm: RC not found
[2026-08-09 05:24:10] INFO root: [ArduPilot] PreArm: EKF attitude is bad
[2026-08-09 05:24:10] INFO root: [ArduPilot] PreArm: AHRS: EKF3 core 0 unhealthy
[2026-08-09 05:24:41] INFO root: [ArduPilot] PreArm: RC not found
[2026-08-09 05:24:41] INFO root: [ArduPilot] PreArm: EKF attitude is bad
[2026-08-09 05:24:41] INFO root: [ArduPilot] PreArm: AHRS: EKF3 core 0 unhealthy
[2026-08-09 05:25:12] INFO root: [ArduPilot] PreArm: RC not found
[2026-08-09 05:25:12] INFO root: [ArduPilot] PreArm: EKF attitude is bad
[2026-08-09 05:25:12] INFO root: [ArduPilot] PreArm: AHRS: EKF3 core 0 unhealthy
[2026-08-09 05:25:43] INFO root: [ArduPilot] PreArm: RC not found
[2026-08-09 05:25:43] INFO root: [ArduPilot] PreArm: EKF attitude is bad
[2026-08-09 05:25:43] INFO root: [ArduPilot] PreArm: AHRS: EKF3 core 0 unhealthy
[2026-08-09 05:26:14] INFO root: [ArduPilot] PreArm: RC not found
[2026-08-09 05:26:14] INFO root: [ArduPilot] PreArm: EKF attitude is bad
[2026-08-09 05:26:14] INFO root: [ArduPilot] PreArm: AHRS: EKF3 core 0 unhealthy
[2026-08-09 05:26:45] INFO root: [ArduPilot] PreArm: RC not found
[2026-08-09 05:26:45] INFO root: [ArduPilot] PreArm: EKF attitude is bad
[2026-08-09 05:26:45] INFO root: [ArduPilot] PreArm: AHRS: EKF3 core 0 unhealthy
[2026-08-09 05:27:16] INFO root: [ArduPilot] PreArm: RC not found
[2026-08-09 05:27:16] INFO root: [ArduPilot] PreArm: EKF attitude is bad
[2026-08-09 05:27:16] INFO root: [ArduPilot] PreArm: AHRS: EKF3 core 0 unhealthy
[2026-08-09 05:27:47] INFO root: [ArduPilot] PreArm: RC not found
[2026-08-09 05:27:47] INFO root: [ArduPilot] PreArm: EKF attitude is bad
[2026-08-09 05:27:47] INFO root: [ArduPilot] PreArm: AHRS: EKF3 core 0 unhealthy
[2026-08-09 05:28:07] WARNING root: RTCMフレームドロップ: 725バイト (最大720バイト超過)
[2026-08-09 05:28:18] INFO root: [ArduPilot] PreArm: RC not found
[2026-08-09 05:28:18] INFO root: [ArduPilot] PreArm: EKF attitude is bad
[2026-08-09 05:28:18] INFO root: [ArduPilot] PreArm: AHRS: EKF3 core 0 unhealthy
[2026-08-09 05:28:49] INFO root: [ArduPilot] PreArm: RC not found
[2026-08-09 05:28:49] INFO root: [ArduPilot] PreArm: EKF attitude is bad
[2026-08-09 05:28:49] INFO root: [ArduPilot] PreArm: AHRS: EKF3 core 0 unhealthy
[2026-08-09 05:29:20] INFO root: [ArduPilot] PreArm: RC not found
[2026-08-09 05:29:20] INFO root: [ArduPilot] PreArm: EKF attitude is bad
[2026-08-09 05:29:20] INFO root: [ArduPilot] PreArm: AHRS: EKF3 core 0 unhealthy
[2026-08-09 05:29:51] INFO root: [ArduPilot] PreArm: RC not found
[2026-08-09 05:29:51] INFO root: [ArduPilot] PreArm: EKF attitude is bad
[2026-08-09 05:29:51] INFO root: [ArduPilot] PreArm: AHRS: EKF3 core 0 unhealthy
[2026-08-09 05:30:22] INFO root: [ArduPilot] PreArm: RC not found
[2026-08-09 05:30:22] INFO root: [ArduPilot] PreArm: EKF attitude is bad
[2026-08-09 05:30:22] INFO root: [ArduPilot] PreArm: AHRS: EKF3 core 0 unhealthy
[2026-08-09 05:30:53] INFO root: [ArduPilot] PreArm: RC not found
[2026-08-09 05:30:53] INFO root: [ArduPilot] PreArm: EKF attitude is bad
[2026-08-09 05:30:53] INFO root: [ArduPilot] PreArm: AHRS: EKF3 core 0 unhealthy
[2026-08-09 05:31:24] INFO root: [ArduPilot] PreArm: RC not found
[2026-08-09 05:31:24] INFO root: [ArduPilot] PreArm: EKF attitude is bad
[2026-08-09 05:31:24] INFO root: [ArduPilot] PreArm: AHRS: EKF3 core 0 unhealthy
[2026-08-09 05:31:55] INFO root: [ArduPilot] PreArm: RC not found
[2026-08-09 05:31:55] INFO root: [ArduPilot] PreArm: EKF attitude is bad
[2026-08-09 05:31:55] INFO root: [ArduPilot] PreArm: AHRS: EKF3 core 0 unhealthy
[2026-08-09 05:32:26] INFO root: [ArduPilot] PreArm: RC not found
[2026-08-09 05:32:26] INFO root: [ArduPilot] PreArm: EKF attitude is bad
[2026-08-09 05:32:26] INFO root: [ArduPilot] PreArm: AHRS: EKF3 core 0 unhealthy
[2026-08-09 05:32:57] INFO root: [ArduPilot] PreArm: RC not found
[2026-08-09 05:32:57] INFO root: [ArduPilot] PreArm: EKF attitude is bad
[2026-08-09 05:32:57] INFO root: [ArduPilot] PreArm: AHRS: EKF3 core 0 unhealthy
[2026-08-09 05:33:18] WARNING root: RTCMフレームドロップ: 953バイト (最大720バイト超過)
[2026-08-09 05:33:28] INFO root: [ArduPilot] PreArm: RC not found
[2026-08-09 05:33:28] INFO root: [ArduPilot] PreArm: EKF attitude is bad
[2026-08-09 05:33:28] INFO root: [ArduPilot] PreArm: AHRS: EKF3 core 0 unhealthy
[2026-08-09 05:33:54] INFO root: システム停止中...
[2026-08-09 05:33:56] INFO root: 受信ループ終了
[2026-08-09 05:33:56] INFO root: RTCMログファイルを閉じました: /home/taki/EVK-F9P/rtk_base_mavlink/logs/rtcm_raw_20260809_050846.rtcm3
[2026-08-09 05:33:56] INFO root: RTCM受信停止: bytes=8768873, frames=45124, errors=0
[2026-08-09 05:33:56] INFO root: MAVLink切断
[2026-08-09 05:33:56] INFO root: システム停止完了
