[2026-08-09 04:42:39] INFO root: ============================================================
[2026-08-09 04:42:39] INFO root: RTK Base Station via MAVLink 起動
[2026-08-09 04:42:39] INFO root: ============================================================
[2026-08-09 04:42:42] INFO root: F9Pポート自動検出: /dev/ttyACM2
[2026-08-09 04:42:42] INFO root: 基地局座標 (動的): 60秒間単独測位
[2026-08-09 04:42:42] INFO root: 単独測位開始: 60秒間 (/dev/ttyACM2)
[2026-08-09 04:42:47] INFO root:   測位中... 経過: 5s / 残り: 55s | サンプル: 26 | 現在: lat=36.0751418 lon=136.2133477 alt=10.5m
[2026-08-09 04:42:53] INFO root:   測位中... 経過: 10s / 残り: 50s | サンプル: 52 | 現在: lat=36.0751418 lon=136.2133477 alt=10.5m
[2026-08-09 04:42:58] INFO root:   測位中... 経過: 16s / 残り: 44s | サンプル: 78 | 現在: lat=36.0751418 lon=136.2133477 alt=10.5m
[2026-08-09 04:43:03] INFO root:   測位中... 経過: 21s / 残り: 39s | サンプル: 103 | 現在: lat=36.0751418 lon=136.2133477 alt=10.5m
[2026-08-09 04:43:08] INFO root:   測位中... 経過: 26s / 残り: 34s | サンプル: 129 | 現在: lat=36.0751418 lon=136.2133477 alt=10.5m
[2026-08-09 04:43:13] INFO root:   測位中... 経過: 31s / 残り: 29s | サンプル: 155 | 現在: lat=36.0751418 lon=136.2133477 alt=10.5m
[2026-08-09 04:43:18] INFO root:   測位中... 経過: 36s / 残り: 24s | サンプル: 181 | 現在: lat=36.0751418 lon=136.2133477 alt=10.5m
[2026-08-09 04:43:24] INFO root:   測位中... 経過: 41s / 残り: 19s | サンプル: 207 | 現在: lat=36.0751418 lon=136.2133477 alt=10.5m
[2026-08-09 04:43:29] INFO root:   測位中... 経過: 46s / 残り: 14s | サンプル: 232 | 現在: lat=36.0751418 lon=136.2133477 alt=10.5m
[2026-08-09 04:43:34] INFO root:   測位中... 経過: 52s / 残り: 8s | サンプル: 258 | 現在: lat=36.0751418 lon=136.2133477 alt=10.5m
[2026-08-09 04:43:39] INFO root:   測位中... 経過: 57s / 残り: 3s | サンプル: 283 | 現在: lat=36.0751418 lon=136.2133477 alt=10.5m
[2026-08-09 04:43:42] INFO root: 単独測位完了: lat=36.0751418 lon=136.2133477 alt=10.50m (samples=300, std_lat=0.000m, std_lon=0.000m, std_alt=0.000m)
[2026-08-09 04:43:42] INFO root: 基地局座標 (動的): lat=36.0751418 lon=136.2133477 alt=10.50m (samples=300)
[2026-08-09 04:43:42] INFO root: F9P基地局モード設定を開始します...
[2026-08-09 04:43:42] INFO root: =======================================================
[2026-08-09 04:43:42] INFO root: F9P 基地局モード設定 (MSM7 RTCM3)
[2026-08-09 04:43:42] INFO root: =======================================================
[2026-08-09 04:43:43] INFO root: TMODE3 FIXED: lat=36.0751418 lon=136.2133477 alt=10.5m
[2026-08-09 04:43:45] INFO root: RTCM3設定: 33成功, 0失敗
[2026-08-09 04:43:46] INFO root: F9Pの再起動を待機中 (5秒)...
[2026-08-09 04:43:51] WARNING root: 設定検証をスキップします（ポート未接続: (5, 'Input/output error')）
[2026-08-09 04:43:51] INFO root: --- RTCM MSGOUT 検証結果 ---
[2026-08-09 04:43:51] INFO root: (検証スキップ)
[2026-08-09 04:43:51] INFO root: 総合結果: ✅ 全設定OK ===============
[2026-08-09 04:43:51] INFO root: F9P基地局モード設定完了 ✅
[2026-08-09 04:43:56] INFO root: MAVLink接続: /dev/ttyAMA0 @ 1000000bps (RTS/CTS: True)
[2026-08-09 04:43:57] INFO root: MAVLink接続完了: /dev/ttyAMA0 @ 1000000bps (system=1, component=0)
[2026-08-09 04:43:57] INFO root: GPSデータストリーム受信開始 (10Hz)
[2026-08-09 04:43:58] INFO root: RTCMログファイル: /home/taki/EVK-F9P/rtk_base_mavlink/logs/rtcm_raw_20260809_044358.rtcm3
[2026-08-09 04:43:58] INFO root: RTCM受信開始: /dev/ttyACM2 @ 115200bps
[2026-08-09 04:43:58] INFO root: シリアルポートオープン: /dev/ttyACM2
[2026-08-09 04:43:59] INFO root: 🚀 システム起動完了。RTCM注入を開始します。
[2026-08-09 04:43:59] INFO root: RTCM注入ループ開始
[2026-08-09 04:44:23] INFO root: [ArduPilot] PreArm: RC not found
[2026-08-09 04:44:23] INFO root: [ArduPilot] PreArm: EKF attitude is bad
[2026-08-09 04:44:23] INFO root: [ArduPilot] PreArm: AHRS: EKF3 core 0 unhealthy
[2026-08-09 04:44:54] INFO root: [ArduPilot] PreArm: RC not found
[2026-08-09 04:44:54] INFO root: [ArduPilot] PreArm: EKF attitude is bad
[2026-08-09 04:44:54] INFO root: [ArduPilot] PreArm: AHRS: EKF3 core 0 unhealthy
[2026-08-09 04:45:03] INFO root: システム停止中...
[2026-08-09 04:45:05] INFO root: 受信ループ終了
[2026-08-09 04:45:05] INFO root: RTCMログファイルを閉じました: /home/taki/EVK-F9P/rtk_base_mavlink/logs/rtcm_raw_20260809_044358.rtcm3
[2026-08-09 04:45:05] INFO root: RTCM受信停止: bytes=310335, frames=1781, errors=0
[2026-08-09 04:45:05] INFO root: MAVLink切断
[2026-08-09 04:45:05] INFO root: システム停止完了
