[2026-08-09 05:01:15] INFO root: ============================================================
[2026-08-09 05:01:15] INFO root: RTK Base Station via MAVLink 起動
[2026-08-09 05:01:15] INFO root: ============================================================
[2026-08-09 05:01:18] INFO root: F9Pポート自動検出: /dev/ttyACM3
[2026-08-09 05:01:18] INFO root: 基地局座標 (動的): 60秒間単独測位
[2026-08-09 05:01:18] INFO root: TMODE3を無効化しました（単独測位モード）
[2026-08-09 05:01:24] INFO root: 単独測位開始: 60秒間 (/dev/ttyACM3)
[2026-08-09 05:01:30] INFO root:   測位中... 経過: 5s / 残り: 55s | サンプル: 26 | 現在: lat=36.0757055 lon=136.2135880 alt=-46.4m
[2026-08-09 05:01:35] INFO root:   測位中... 経過: 10s / 残り: 50s | サンプル: 52 | 現在: lat=36.0757093 lon=136.2135858 alt=-47.4m
[2026-08-09 05:01:40] INFO root:   測位中... 経過: 16s / 残り: 44s | サンプル: 78 | 現在: lat=36.0757145 lon=136.2135828 alt=-48.0m
[2026-08-09 05:01:45] INFO root:   測位中... 経過: 21s / 残り: 39s | サンプル: 104 | 現在: lat=36.0757192 lon=136.2135788 alt=-48.6m
[2026-08-09 05:01:50] INFO root:   測位中... 経過: 26s / 残り: 34s | サンプル: 129 | 現在: lat=36.0757213 lon=136.2135757 alt=-49.0m
[2026-08-09 05:01:55] INFO root:   測位中... 経過: 31s / 残り: 29s | サンプル: 154 | 現在: lat=36.0757227 lon=136.2135728 alt=-49.2m
[2026-08-09 05:02:00] INFO root:   測位中... 経過: 36s / 残り: 24s | サンプル: 180 | 現在: lat=36.0757218 lon=136.2135710 alt=-49.1m
[2026-08-09 05:02:05] INFO root:   測位中... 経過: 41s / 残り: 19s | サンプル: 205 | 現在: lat=36.0757192 lon=136.2135698 alt=-49.1m
[2026-08-09 05:02:10] INFO root:   測位中... 経過: 46s / 残り: 14s | サンプル: 230 | 現在: lat=36.0757145 lon=136.2135722 alt=-49.3m
[2026-08-09 05:02:16] INFO root:   測位中... 経過: 51s / 残り: 9s | サンプル: 256 | 現在: lat=36.0757078 lon=136.2135740 alt=-48.9m
[2026-08-09 05:02:21] INFO root:   測位中... 経過: 56s / 残り: 4s | サンプル: 281 | 現在: lat=36.0757020 lon=136.2135738 alt=-48.4m
[2026-08-09 05:02:25] INFO root: 単独測位完了: lat=36.0757133 lon=136.2135771 alt=-48.30m (samples=300, std_lat=0.852m, std_lon=0.535m, std_alt=1.176m)
[2026-08-09 05:02:25] INFO root: 基地局座標 (動的): lat=36.0757133 lon=136.2135771 alt=-48.30m (samples=300)
[2026-08-09 05:02:25] INFO root: F9P基地局モード設定を開始します...
[2026-08-09 05:02:25] INFO root: =======================================================
[2026-08-09 05:02:25] INFO root: F9P 基地局モード設定 (MSM7 RTCM3)
[2026-08-09 05:02:25] INFO root: =======================================================
[2026-08-09 05:02:25] INFO root: TMODE3 FIXED: lat=36.0757133 lon=136.2135771 alt=-48.3m
[2026-08-09 05:02:27] INFO root: RTCM3設定: 33成功, 0失敗
[2026-08-09 05:02:28] INFO root: F9Pの再起動を待機中 (5秒)...
[2026-08-09 05:02:37] WARNING root: CFG-VALGET応答なし
[2026-08-09 05:02:37] INFO root: --- RTCM MSGOUT 検証結果 ---
[2026-08-09 05:02:37] INFO root: 総合結果: ⚠️ 問題あり ===============
[2026-08-09 05:02:37] WARNING root: F9P基地局モード設定に一部問題があります ⚠️
[2026-08-09 05:02:37] WARNING root: F9P設定に問題がありますが、続行します...
[2026-08-09 05:02:42] INFO root: MAVLink接続: /dev/ttyAMA0 @ 1000000bps (RTS/CTS: True)
[2026-08-09 05:02:42] INFO root: MAVLink接続完了: /dev/ttyAMA0 @ 1000000bps (system=1, component=0)
[2026-08-09 05:02:43] INFO root: GPSデータストリーム受信開始 (10Hz)
[2026-08-09 05:02:44] INFO root: RTCMログファイル: /home/taki/EVK-F9P/rtk_base_mavlink/logs/rtcm_raw_20260809_050244.rtcm3
[2026-08-09 05:02:44] WARNING root: シリアルポートオープン失敗: [Errno 2] could not open port /dev/ttyACM3: [Errno 2] No such file or directory: '/dev/ttyACM3'（再試行中...）
[2026-08-09 05:02:44] INFO root: RTCM受信開始: /dev/ttyACM3 @ 115200bps
[2026-08-09 05:02:45] INFO root: 🚀 システム起動完了。RTCM注入を開始します。
[2026-08-09 05:02:45] INFO root: RTCM注入ループ開始
[2026-08-09 05:02:46] WARNING root: シリアルポートオープン失敗: [Errno 2] could not open port /dev/ttyACM3: [Errno 2] No such file or directory: '/dev/ttyACM3'（再試行中...）
[2026-08-09 05:02:48] WARNING root: シリアルポートオープン失敗: [Errno 2] could not open port /dev/ttyACM3: [Errno 2] No such file or directory: '/dev/ttyACM3'（再試行中...）
[2026-08-09 05:02:50] WARNING root: シリアルポートオープン失敗: [Errno 2] could not open port /dev/ttyACM3: [Errno 2] No such file or directory: '/dev/ttyACM3'（再試行中...）
[2026-08-09 05:02:52] WARNING root: シリアルポートオープン失敗: [Errno 2] could not open port /dev/ttyACM3: [Errno 2] No such file or directory: '/dev/ttyACM3'（再試行中...）
[2026-08-09 05:02:54] WARNING root: シリアルポートオープン失敗: [Errno 2] could not open port /dev/ttyACM3: [Errno 2] No such file or directory: '/dev/ttyACM3'（再試行中...）
[2026-08-09 05:02:56] WARNING root: シリアルポートオープン失敗: [Errno 2] could not open port /dev/ttyACM3: [Errno 2] No such file or directory: '/dev/ttyACM3'（再試行中...）
[2026-08-09 05:02:58] WARNING root: シリアルポートオープン失敗: [Errno 2] could not open port /dev/ttyACM3: [Errno 2] No such file or directory: '/dev/ttyACM3'（再試行中...）
[2026-08-09 05:02:59] INFO root: [ArduPilot] PreArm: RC not found
[2026-08-09 05:02:59] INFO root: [ArduPilot] PreArm: EKF attitude is bad
[2026-08-09 05:02:59] INFO root: [ArduPilot] PreArm: AHRS: EKF3 core 0 unhealthy
[2026-08-09 05:03:00] WARNING root: シリアルポートオープン失敗: [Errno 2] could not open port /dev/ttyACM3: [Errno 2] No such file or directory: '/dev/ttyACM3'（再試行中...）
[2026-08-09 05:03:02] WARNING root: シリアルポートオープン失敗: [Errno 2] could not open port /dev/ttyACM3: [Errno 2] No such file or directory: '/dev/ttyACM3'（再試行中...）
[2026-08-09 05:03:04] WARNING root: シリアルポートオープン失敗: [Errno 2] could not open port /dev/ttyACM3: [Errno 2] No such file or directory: '/dev/ttyACM3'（再試行中...）
[2026-08-09 05:03:06] WARNING root: シリアルポートオープン失敗: [Errno 2] could not open port /dev/ttyACM3: [Errno 2] No such file or directory: '/dev/ttyACM3'（再試行中...）
[2026-08-09 05:03:08] WARNING root: シリアルポートオープン失敗: [Errno 2] could not open port /dev/ttyACM3: [Errno 2] No such file or directory: '/dev/ttyACM3'（再試行中...）
[2026-08-09 05:03:10] WARNING root: シリアルポートオープン失敗: [Errno 2] could not open port /dev/ttyACM3: [Errno 2] No such file or directory: '/dev/ttyACM3'（再試行中...）
[2026-08-09 05:03:12] WARNING root: シリアルポートオープン失敗: [Errno 2] could not open port /dev/ttyACM3: [Errno 2] No such file or directory: '/dev/ttyACM3'（再試行中...）
[2026-08-09 05:03:14] WARNING root: シリアルポートオープン失敗: [Errno 2] could not open port /dev/ttyACM3: [Errno 2] No such file or directory: '/dev/ttyACM3'（再試行中...）
[2026-08-09 05:03:16] WARNING root: シリアルポートオープン失敗: [Errno 2] could not open port /dev/ttyACM3: [Errno 2] No such file or directory: '/dev/ttyACM3'（再試行中...）
[2026-08-09 05:03:18] WARNING root: シリアルポートオープン失敗: [Errno 2] could not open port /dev/ttyACM3: [Errno 2] No such file or directory: '/dev/ttyACM3'（再試行中...）
[2026-08-09 05:03:20] WARNING root: シリアルポートオープン失敗: [Errno 2] could not open port /dev/ttyACM3: [Errno 2] No such file or directory: '/dev/ttyACM3'（再試行中...）
[2026-08-09 05:03:22] WARNING root: シリアルポートオープン失敗: [Errno 2] could not open port /dev/ttyACM3: [Errno 2] No such file or directory: '/dev/ttyACM3'（再試行中...）
[2026-08-09 05:03:24] WARNING root: シリアルポートオープン失敗: [Errno 2] could not open port /dev/ttyACM3: [Errno 2] No such file or directory: '/dev/ttyACM3'（再試行中...）
